// Jest Snapshot v1, https://goo.gl/fbAQLP

exports[`AqiDetailed should render AqiDetailed component 1`] = `[Function]`;
