// Jest Snapshot v1, https://goo.gl/fbAQLP

exports[`Cities should render Cities component 1`] = `[Function]`;
