// Jest Snapshot v1, https://goo.gl/fbAQLP

exports[`Nav render Nav Components 1`] = `[Function]`;
