// Jest Snapshot v1, https://goo.gl/fbAQLP

exports[`Weather render Weather Components 1`] = `[Function]`;
